Building features (41 raw daily fields only — no lag/roll/delta/dow/dom)...
rows=2,722  positives=114  prevalence=0.042  patients=56  features=41

=== Optuna: lgbm  (80 trials × 3 seeds × 5-fold GKF) ===
C:\Users\ewxliu\projects\naisc2026\Cogni\datasets\scripts\train_adresso_agitation_v4.py:324: ExperimentalWarning: Argument ``multivariate`` is an experimental feature. The interface can change in the future.
  sampler=optuna.samplers.TPESampler(seed=RANDOM_STATE, multivariate=True, group=True),
C:\Users\ewxliu\projects\naisc2026\Cogni\datasets\scripts\train_adresso_agitation_v4.py:324: ExperimentalWarning: Argument ``group`` is an experimental feature. The interface can change in the future.
  sampler=optuna.samplers.TPESampler(seed=RANDOM_STATE, multivariate=True, group=True),
  best AUC 0.8847  (413s)
  params {'boosting_type': 'gbdt', 'num_leaves': 36, 'max_depth': 3, 'learning_rate': 0.10290763357173886, 'min_child_samples': 45, 'reg_lambda': 2.2449463051538263, 'reg_alpha': 2.67638956572296, 'feature_fraction': 0.9888010109318663, 'bagging_fraction': 0.784726441776417, 'bagging_freq': 4, 'is_unbalance': False}

=== Optuna: xgb  (80 trials × 3 seeds × 5-fold GKF) ===
C:\Users\ewxliu\projects\naisc2026\Cogni\datasets\scripts\train_adresso_agitation_v4.py:324: ExperimentalWarning: Argument ``multivariate`` is an experimental feature. The interface can change in the future.
  sampler=optuna.samplers.TPESampler(seed=RANDOM_STATE, multivariate=True, group=True),
C:\Users\ewxliu\projects\naisc2026\Cogni\datasets\scripts\train_adresso_agitation_v4.py:324: ExperimentalWarning: Argument ``group`` is an experimental feature. The interface can change in the future.
  sampler=optuna.samplers.TPESampler(seed=RANDOM_STATE, multivariate=True, group=True),
  best AUC 0.8850  (269s)
  params {'scale_pos_weight': 7.356173820410511, 'max_depth': 2, 'learning_rate': 0.11262441809945778, 'min_child_weight': 13.509514017413789, 'reg_lambda': 0.9287972908493863, 'reg_alpha': 0.38420448411592484, 'subsample': 0.7996572716665297, 'colsample_bytree': 0.6523002886692028, 'gamma': 1.8933600361112486}

=== Optuna: catboost  (80 trials × 3 seeds × 5-fold GKF) ===
C:\Users\ewxliu\projects\naisc2026\Cogni\datasets\scripts\train_adresso_agitation_v4.py:324: ExperimentalWarning: Argument ``multivariate`` is an experimental feature. The interface can change in the future.
  sampler=optuna.samplers.TPESampler(seed=RANDOM_STATE, multivariate=True, group=True),
C:\Users\ewxliu\projects\naisc2026\Cogni\datasets\scripts\train_adresso_agitation_v4.py:324: ExperimentalWarning: Argument ``group`` is an experimental feature. The interface can change in the future.
  sampler=optuna.samplers.TPESampler(seed=RANDOM_STATE, multivariate=True, group=True),
  best AUC 0.8902  (870s)
  params {'depth': 3, 'learning_rate': 0.08148573448612942, 'l2_leaf_reg': 4.329364257194346, 'bagging_temperature': 2.729347068695718, 'border_count': 65, 'random_strength': 0.46102676320567504, 'auto_class_weights': 'SqrtBalanced'}

WINNER: catboost  GroupKFold AUC 0.8902 (total 1553s)

wrote C:\Users\ewxliu\projects\naisc2026\Cogni\backend\app\ml\artifacts\adresso_agitation.joblib (48.5 KiB)
wrote C:\Users\ewxliu\projects\naisc2026\Cogni\backend\app\ml\artifacts\adresso_agitation.meta.json
wrote C:\Users\ewxliu\projects\naisc2026\Cogni\public\models\adresso_agitation.meta.json
